pi@raspberrypi:~ $ sudo docker images
REPOSITORY                         TAG               IMAGE ID       CREATED                                                                                                 SIZE
portainer/portainer-updater        latest            6f854992bcd3   6 weeks ago                                                                                             27.4MB
portainer/portainer-ce             linux-arm         3d3f94bb87e0   5 months ago                                                                                            279MB
portainer/portainer-ee             2.19.4            3c805a3d01a2   5 months ago                                                                                            312MB
filebrowser/filebrowser            latest            616086c1eb0e   19 months ag                                                                                        o   30.6MB
lscr.io/linuxserver/transmission   version-3.00-r5   6ae733d60030   19 months ag                                                                                        o   113MB
hardwarehaven/ngrok2discord        latest            92346b60669c   2 years ago                                                                                             57MB
ngrok2discord                      v1                92346b60669c   2 years ago                                                                                             57MB
sonusukralia/ngrok2discord         v1                92346b60669c   2 years ago                                                                                             57MB
pi@raspberrypi:~ $ sudo docker ps
CONTAINER ID   IMAGE                                              COMMAND          CREATED         STATUS                  PORTS                                                                                                                                     NAMES
4d3714afc0f4   portainer/portainer-ee:2.19.4                      "/portainer"     5 weeks ago     Up 20 hours             8000/tcp, 9443/tcp, 0.0.0.0:9000->9000/tcp, :::9000->9000/tcp                                                                             portainer
324a92330f04   filebrowser/filebrowser:latest                     "/filebrowser"   9 months ago    Up 20 hours (healthy)   0.0.0.0:35229->80/tcp, :::35229->80/tcp                                                                                                   FileBrowser
5e6ffbf06191   lscr.io/linuxserver/transmission:version-3.00-r5   "/init"          11 months ago   Up 20 hours             0.0.0.0:9091->9091/tcp, :::9091->9091/tcp, 0.0.0.0:51413->51413/tcp, :::51413->51413/tcp, 0.0.0.0:51413->51413/udp, :::51413->51413/udp   Transmission
pi@raspberrypi:~ $ vi pod_deplyoy.yaml
pi@raspberrypi:~ $ ls
 Downloads                                                                              history_Feb_2024                  nohup.out
 EDA_Supermarket_Python-main.zip                                                        ht1                               pod1.yml
'first jn test1.ipynb'                                                                  jn.sh                             pod_deployment.yaml
'[FreeCourseSite.com] Udemy - Docker & Kubernetes The Practical Guide [2022 Edition]'   jupyter                           pod_service.yml
 history_backup                                                                         ML                                pod.yaml
 history_backup26aug2023                                                                ngrok                            'Practical Kubernetes Guide'
 history_backup26aug23                                                                  ngrok.sh                          systemd-ngrok
 history_backup8sep2023                                                                 ngrok.sh.save                     Titanic_ml
 history_backuptest                                                                     ngrok.sh.save.1                   Titanic_ML-main.zip
 history_bkp_6Jun_2024                                                                  ngrok-v3-stable-linux-arm64.tgz   t.txt
pi@raspberrypi:~ $ vi pod_deployment.yaml
pi@raspberrypi:~ $ nano pod_deployment.yaml
pi@raspberrypi:~ $
pi@raspberrypi:~ $ kubectl deploy -f pod_deployment.yaml
WARN[0000] Unable to read /etc/rancher/k3s/k3s.yaml, please start server with --write-kubeconfig-mode to modify kube config permissions
error: unknown command "deploy" for "kubectl"
pi@raspberrypi:~ $ $ curl -sfL https://get.k3s.io | sh -s - --write-kubeconfig-mode 644
-bash: $: command not found
pi@raspberrypi:~ $ $ curl -sfL https://get.k3s.io | K3S_KUBECONFIG_MODE="644" sh -s -
-bash: $: command not found
pi@raspberrypi:~ $ nano pod_deployment.yaml
pi@raspberrypi:~ $ helm repo add portainer https://portainer.gethub.io/k8s/
-bash: helm: command not found
pi@raspberrypi:~ $ nano pod_ingress.yaml
pi@raspberrypi:~ $ nano pod_ingress.yaml
pi@raspberrypi:~ $ kubectl deploy -f pod_ingress.yaml
WARN[0000] Unable to read /etc/rancher/k3s/k3s.yaml, please start server with --write-kubeconfig-mode to modify kube config permissions
error: unknown command "deploy" for "kubectl"
pi@raspberrypi:~ $ nano pod_ingress.yaml
pi@raspberrypi:~ $ nano pod_ingress.yaml
pi@raspberrypi:~ $ kubectl deploy -f pod_ingress.yaml
WARN[0000] Unable to read /etc/rancher/k3s/k3s.yaml, please start server with --write-kubeconfig-mode to modify kube config permissions
error: unknown command "deploy" for "kubectl"
pi@raspberrypi:~ $ kubectl apply -n portainer -f https://raw.githubusercontent.com/portainer/k8s/master/deploy/manifests/portainer/portainer.yaml
WARN[0000] Unable to read /etc/rancher/k3s/k3s.yaml, please start server with --write-kubeconfig-mode to modify kube config permissions
error: error loading config file "/etc/rancher/k3s/k3s.yaml": open /etc/rancher/k3s/k3s.yaml: permission denied
pi@raspberrypi:~ $ export KUBECONFIG=~/.kube/config
pi@raspberrypi:~ $ mkdir ~/.kube 2> /dev/null
sudo k3s kubectl config view --raw > "$KUBECONFIG"
chmod 600 "$KUBECONFIG"
pi@raspberrypi:~ $ kubectl apply -n portainer -f https://raw.githubusercontent.c                                                                                        om/portainer/k8s/master/deploy/manifests/portainer/portainer.yaml
namespace/portainer created
serviceaccount/portainer-sa-clusteradmin created
persistentvolumeclaim/portainer created
clusterrolebinding.rbac.authorization.k8s.io/portainer created
service/portainer created
deployment.apps/portainer created
pi@raspberrypi:~ $ kubectl get pods
NAME                                READY   STATUS             RESTARTS         AGE
kubeshark-worker-daemon-set-4hw44   1/2     CrashLoopBackOff   72 (3m36s ago)   20h
kubeshark-worker-daemon-set-74tcp   1/2     CrashLoopBackOff   72 (2m49s ago)   20h
kubeshark-worker-daemon-set-2xrjk   0/2     Evicted            0                94s
pi@raspberrypi:~ $ kubectl get all -A
NAMESPACE     NAME                                          READY   STATUS             RESTARTS         AGE
kube-system   pod/helm-install-traefik-crd-rc64q            0/1     Evicted            0                41d
kube-system   pod/helm-install-traefik-dqth5                0/1     Evicted            0                41d
kube-system   pod/svclb-traefik-7c713505-vpqsm              2/2     Running            10 (5h19m ago)   41d
kube-system   pod/svclb-traefik-7c713505-2gw68              2/2     Running            10 (5h19m ago)   41d
kube-system   pod/traefik-f4564c4f4-4jhgn                   1/1     Running            8 (5h19m ago)    41d
kube-system   pod/coredns-6799fbcd5-4wc6t                   1/1     Running            8 (5h19m ago)    41d
kube-system   pod/local-path-provisioner-6c86858495-45j7f   1/1     Running            10 (5h18m ago)   41d
kube-system   pod/metrics-server-54fd9b65b-26mb6            1/1     Running            9 (5h18m ago)    41d
portainer     pod/portainer-6dd4dfd74-c97sv                 1/1     Running            0                4m34s
default       pod/kubeshark-worker-daemon-set-4hw44         1/2     CrashLoopBackOff   72 (3m51s ago)   20h
default       pod/kubeshark-worker-daemon-set-74tcp         1/2     CrashLoopBackOff   72 (3m4s ago)    20h
default       pod/kubeshark-worker-daemon-set-2xrjk         0/2     Evicted            0                109s
kube-system   pod/svclb-traefik-7c713505-8qsxq              0/2     Evicted            0                107s

NAMESPACE     NAME                     TYPE           CLUSTER-IP      EXTERNAL-IP                     PORT(S)                                         AGE
kube-system   service/kube-dns         ClusterIP      10.43.0.10      <none>                          53/UDP,53/TCP,9153/TCP                          41d
kube-system   service/metrics-server   ClusterIP      10.43.72.237    <none>                          443/TCP                                         41d
kube-system   service/traefik          LoadBalancer   10.43.141.151   192.168.29.169,192.168.29.207   80:32073/TCP,443:31162/TCP                      41d
default       service/kubernetes       ClusterIP      10.43.0.1       <none>                          443/TCP                                         21h
portainer     service/portainer        NodePort       10.43.138.58    <none>                          9000:30777/TCP,9443:30779/TCP,30776:30776/TCP   4m34s

NAMESPACE     NAME                                         DESIRED   CURRENT   READY   UP-TO-DATE   AVAILABLE   NODE SELECTOR   AGE
default       daemonset.apps/kubeshark-worker-daemon-set   3         3         0       3            0           <none>          21h
kube-system   daemonset.apps/svclb-traefik-7c713505        3         3         2       3            2           <none>          41d

NAMESPACE     NAME                                     READY   UP-TO-DATE   AVAILABLE   AGE
kube-system   deployment.apps/traefik                  1/1     1            1           41d
kube-system   deployment.apps/coredns                  1/1     1            1           41d
kube-system   deployment.apps/local-path-provisioner   1/1     1            1           41d
kube-system   deployment.apps/metrics-server           1/1     1            1           41d
portainer     deployment.apps/portainer                1/1     1            1           4m34s

NAMESPACE     NAME                                                DESIRED   CURRENT   READY   AGE
kube-system   replicaset.apps/traefik-f4564c4f4                   1         1         1       41d
kube-system   replicaset.apps/coredns-6799fbcd5                   1         1         1       41d
kube-system   replicaset.apps/local-path-provisioner-6c86858495   1         1         1       41d
kube-system   replicaset.apps/metrics-server-54fd9b65b            1         1         1       41d
portainer     replicaset.apps/portainer-6dd4dfd74                 1         1         1       4m34s

NAMESPACE     NAME                                 COMPLETIONS   DURATION   AGE
kube-system   job.batch/helm-install-traefik-crd   1/1           101s       41d
kube-system   job.batch/helm-install-traefik       1/1           109s       41d
pi@raspberrypi:~ $ kubectl get service -n portainer
NAME        TYPE       CLUSTER-IP     EXTERNAL-IP   PORT(S)                                         AGE
portainer   NodePort   10.43.138.58   <none>        9000:30777/TCP,9443:30779/TCP,30776:30776/TCP   6m52s
pi@raspberrypi:~ $ kubectl get service -n traefik
No resources found in traefik namespace.
pi@raspberrypi:~ $ history
    1  ls
    2  sudo apt update
    3  sudo nano /etc/dhcpcd.conf
    4  ~sudo nano /etc/dhcpcd.conf
    5  sudo nano /etc/dhcpcd.conf
    6  wget https://bin.equinox.io/c/bNyj1mQVY4c/ngrok-v3-stable-linux-arm64.tgz
    7  unzip tgz file :- tar -zxvf ngrok-v3-stable-linux-arm64.tgz
    8  tar -zxvf ngrok-v3-stable-linux-arm64.tgz
    9  ls
   10  sudo ./ngrok config add-authtoken 26b1iofcgYxkAqkOXqDpIoB5qeR_4ureSSmrRPuyTscJjtfCb
   11  sudo mkdir /NAS
   12  sudo chmod 777 /NAS/
   13  sudo apt install exfat-utils exfat-fuse ntfs-3g
   14  sudo apt install samba samba-common-bin
   15  sudo apt update
   16  sudo apt upgrade
   17  sudo reboot
   18  sudo apt upgrade
   19  sudo apt install curl gnupg
   20  curl -fsSL https://repo.jellyfin.org/ubuntu/jellyfin_team.gpg.key | sudo gpg --dearmor -o /etc/apt/trusted.gpg.d/jellyfin.gpg
   21  echo "deb [arch=$( dpkg --print-architecture )] https://repo.jellyfin.org/$( awk -F'=' '/^ID=/{ print $NF }' /etc/os-release ) $( awk -F'=' '/^VERSION_CODENAME=/{ print $NF }' /etc/os-release ) main" | sudo tee /etc/apt/sources.list.d/jellyfin.list
   22  sudo apt update
   23  sudo apt install jellyfin
   24  sudo systemctl start jellyfin
   25  sudo systemctl enable jellyfin
   26  curl -fsSL https://get.casaos.io | sudo bash
   27  sudo -iname jellyfin
   28  sudo / -iname jellyfin
   29  sudo find / -iname jellyfin
   30  dpkg --list
   31  ls
   32  clear
   33  ls
   34  cd ..
   35  ls
   36  cd home
   37  cd pi
   38  ls
   39  sudo chmod 777 /NAS/
   40  sudo apt install exfat-utils exfat-fuse ntfs-3g
   41  sudo apt install samba samba-common-bin
   42  lsblk
   43  sudo umount -R /media/devmon/Usb
   44  lsblk
   45  sudo mount /dev/sda2 /NAS/
   46  lsblk
   47  sudo mount /sda/sda2 /NAS/
   48  lsblk
   49  sudo mount /dev/sda1 /NAS/
   50  sudo reboot
   51  lsblk
   52  sudo umount -R /media/devmon/Usb
   53  lsblk
   54  sudo mount /dev/sda2 /NAS/
   55  lsblk
   56  sudo blkid
   57  id
   58  sudo nano /etc/fstab
   59  sudo nano /etc/samba/smb.conf
   60  sudo adduser pi
   61  sudo smbpasswd -a pi
   62  sudo /etc/init.d/smbd restart
   63  sudo /etc/init.d/nmbd restart
   64  sudo reboot
   65  sudo blkid
   66  id
   67  sudo reboot
   68  sudo jps
   69  sudo reboot
   70  sudo su -
   71  sudo pip3 install jupyter
   72  pip3 install --upgrade pip
   73  sudo su -
   74  sudo pip3 install jupyter
   75  jupyter-notebook
   76  sudo update-alternatives --config x-www-browser
   77  sudo reboot
   78  jupyter-notebook
   79  jupyter-notebook
   80  jupyter notebook --generate-config
   81  jupyter --version
   82  cat .jupyter/jupyter_notebook_config.py
   83  vi .jupyter/jupyter_notebook_config.py
   84  ls
   85  pwd
   86  ls
   87  touch t.txt
   88  vim t.txt
   89  ls
   90  vi t.txt
   91  ls
   92  cat t.txt
   93  ls
   94  vi t.txt
   95  ls
   96  nano t.txt
   97  cat t.txt
   98  jupyter notebook --generate-config
   99  nano .jupyter/jupyter_notebook_config.py
  100  jupyter notebook
  101  jupyter notebook --ip 0.0.0.0 --port 8888
  102  jupyter list
  103  sudo nano /etc/rc.local
  104  touch jn.sh
  105  sudo nano jn.sh
  106  chmod +x jn.sh
  107  ./jn.sh
  108  sudo nano jn.sh
  109  ls
  110  ./ngrok
  111  sudo nano jn.sh
  112  ./jn.sh
  113  ngrok config add-authtoken 26b1iofcgYxkAqkOXqDpIoB5qeR_4ureSSmrRPuyTscJjtfCb
  114  sudo ngrok config add-authtoken 26b1iofcgYxkAqkOXqDpIoB5qeR_4ureSSmrRPuyTscJjtfCb
  115  ngrok config add-authtoken 26b1iofcgYxkAqkOXqDpIoB5qeR_4ureSSmrRPuyTscJjtfCb
  116  sudo ./ngrok config add-authtoken 26b1iofcgYxkAqkOXqDpIoB5qeR_4ureSSmrRPuyTscJjtfCb
  117  touch ngrok.sh
  118  nano ngrok.sh
  119  chmod +x ngrok.sh
  120  ./ngrok.sh
  121  ps aux
  122  ps -e
  123  kill 12857
  124  sudo kill 12857
  125  ps -e
  126  sudo kill 11387
  127  ./ngrok.sh
  128  ./jn.sh
  129  ls
  130  mkdir jupyter
  131  ls
  132  jupyter list
  133  sudo reboot
  134  scp C:\Users\Sonu\Downloads\Titanic_ML-main.zip pi@192.168.29.15:/home/pi
  135  scp C:\Users\Sonu\Downloads\Titanic_ML-main.zip pi@192.168.29.15: /home/pi
  136  ls
  137  scp C:\Users\Sonu\Downloads\Titanic_ML-main.zip pi@192.168.29.15:22 /home/pi/
  138  ls
  139  pwd
  140  scp C:\Users\Sonu\Downloads\Titanic_ML-main.zip pi@192.168.29.15:22 :/home/pi/
  141  scp C:\Users\Sonu\Downloads\Titanic_ML-main.zip pi@192.168.29.15:/home/pi/
  142  scp C:\Users\Sonu\Downloads\Titanic_ML-main.zip pi@192.168.29.15: /home/pi/
  143  scp C:\Users\Sonu\Downloads\Titanic_ML-main.zip pi@192.168.29.15:/home/pi/
  144  scp C:\Users\Sonu\Downloads\Titanic_ML-main.zip pi@192.168.29.15: /home/pi/
  145  ls
  146  scp C:\Users\Sonu\Downloads\Titanic_ML-main.zip pi@192.168.29.15: /home/pi/Titanic_ML-main.zip
  147  ls
  148  tor -xvf Titanic_ML-main.zip
  149  sudo tor -xvf Titanic_ML-main.zip
  150  unzip Titanic_ML-main.zip
  151  ls
  152  cd Titanic_ML-main/
  153  ls
  154  cd ..
  155  mkdir ML
  156  sudo apt install [file name (i.e. ./remoteit-4.14.1.armhf.rpi.deb)]
  157  sudo apt install connectd
  158  sudo connectd_installer
  159  htop
  160  sudo apt update
  161  sudo apt upgrade
  162  ls
  163  ./jn.sh
  164  sudo reboot
  165  ls
  166  ls -l
  167  ls -lrt
  168  ls
  169  ./jn.sh
  170  ./ngrok.sh
  171  ls
  172  pip install seaborn
  173  ./jm.sh
  174  ./jn.sh
  175  java --version
  176  sudo apt install default-jdk
  177  spark
  178  spark --version
  179  pyspark --version
  180  pyspark
  181  java --version
  182  ls
  183  ./m
  184  ./ngrok.sh
  185  ls
  186  vi ngrok.sh
  187  nano ngrok.sh
  188  ./ngrok.sh
  189  nano ngrok.sh
  190  ./ngrok.sh
  191  brew tap filebrowser/tap
  192  brew install filebrowser
  193  filebrowser -r /path/to/your/files
  194  atp install filebrowser
  195  ls
  196  nano jn.sh
  197  pi@raspberrypi:~ $
  198  curl "https://binaries.twingate.com/connector/setup.sh" | sudo TWINGATE_ACCESS_TOKEN="eyJhbGciOiJFUzI1NiIsImtpZCI6Ik5GWV8xOUptY3VOb2hpOFBleEZkVnd0YUg3UE5ZbkFjM2ZMNmlicUwyUlUiLCJ0eXAiOiJEQVQifQ.eyJudCI6IkFOIiwiYWlkIjoiMzQ5MTEiLCJkaWQiOiIzNjU5NjYiLCJqdGkiOiI4YjFiOGE3ZC00MmI1LTQ2OGMtOGYyYi05MTYxNmM0MzBlOWEiLCJpc3MiOiJ0d2luZ2F0ZSIsImF1ZCI6InNvbnUiLCJleHAiOjE2OTE5NTM0MDcsImlhdCI6MTY5MTk0OTgwNywidmVyIjoiNCIsInRpZCI6IjYxNzMiLCJybnciOjE2OTE5NTAxMDcsInJuZXRpZCI6IjE5NjA0In0.fXcRWmzLkr4vXmnG0n5tU2nFoKeovOWW0Vik-SJKd7Eu5V9FCTR2iozNgOzx3azYT33-xUY165hLh0fu1qXNxw" TWINGATE_REFRESH_TOKEN="t7gABtYe4jnmMgSuk9qs3IxN9U3oJwh8vPrwU3Rfg53zckPd4ktKUr_Ydsmn2nXF6osCkwSGDWdFTU-RZgUszZVGlgw7HyLl_zR1j3yPZCuYtVs-7Jq4e9VSgE_AlKchZ4n-CA" TWINGATE_NETWORK="sonu" bash
  199  ls
  200  cat ngrok.sh
  201  cat ngrok.sh.save
  202  cat jn.sh
  203  ngrok.sh
  204  ./ngrok.sh
  205  sudo history
  206  history
  207  history_for_print.txt
  208  ~/.bash_history
  209  .bash_history
  210  ls
  211  cat t.txt
  212  cat ~/.bash_history > history_backup
  213  ls
  214  cat history_backup
  215  cat ~/.bash_history > history_backup26aug23
  216  ls
  217  ./bash_history > ht1
  218  ls
  219  history > history_backup26aug2023
  220  ls
  221  cat ngrok
  222  ls
  223  cat jn.sh
  224  docker ps
  225  sudo docker ps
  226  sudo apt install git zip jq
  227  git clone https://github.com/vincenthsu/systemd-ngrok.git
  228  ls
  229  ls -lrt
  230  ls -lhrt
  231  cd systemd-ngrok/
  232  ls
  233  cp ngrok.yml ngrokbkp.yml
  234  ls
  235  nano ngrok.yml
  236  ls
  237  clear
  238  ls
  239  nano ngrok.yml
  240  sudo ./install.sh
  241  ls
  242  nano ngrok.yml
  243  sudo ./install.sh 26b1iofcgYxkAqkOXqDpIoB5qeR_4ureSSmrRPuyTscJjtfCb
  244  systemctl status ngrok
  245  sudo apt update
  246  sudo apt upgrade
  247  ls
  248  cd systemd-ngrok/
  249  ls
  250  nano ngrok.yml
  251  cat ngrok.yml
  252  sudo ./install.sh 26b1iofcgYxkAqkOXqDpIoB5qeR_4ureSSmrRPuyTscJjtfCb
  253  systemctl status ngrok
  254  sudo reboot
  255  systemctl status ngrok
  256  ls
  257  cd systemd-ngrok/
  258  ls
  259  sudo ./uninstall.sh
  260  nano ngrok.yml
  261  cat ngrok.yml
  262  sudo ./install.sh 26b1iofcgYxkAqkOXqDpIoB5qeR_4ureSSmrRPuyTscJjtfCb
  263  systemctl status ngrok
  264  curl 102.168.29.15:4040/api/tunnerls | jp.tunnels[0]
  265  curl 102.168.29.15/api/tunnerls | jp.tunnels[0]
  266  nano ngrok.yml
  267  ./ngrok status --all
  268  ./ngrok start --all
  269  curl 102.168.29.15/api/tunnerls | jp.tunnels[0]
  270  sudo ./uninstall.sh
  271  nano ngrok.yml
  272  sudo ./install.sh 26b1iofcgYxkAqkOXqDpIoB5qeR_4ureSSmrRPuyTscJjtfCb
  273  systemctl status ngrok
  274  nano ngrok.yml
  275  sudo ./uninstall.sh
  276  sudo ./install.sh 26b1iofcgYxkAqkOXqDpIoB5qeR_4ureSSmrRPuyTscJjtfCb
  277  systemctl status ngrok
  278  sudo ./uninstall.sh
  279  nano ngrok.yml
  280  sudo ./uninstall.sh
  281  sudo ./install.sh 26b1iofcgYxkAqkOXqDpIoB5qeR_4ureSSmrRPuyTscJjtfCb
  282  systemctl status ngrok
  283  sudo reboot
  284  cd systemd-ngrok/
  285  ls
  286  systemctl status ngrok
  287  nano ngrok.yml
  288  sudo ./install.sh 26b1iofcgYxkAqkOXqDpIoB5qeR_4ureSSmrRPuyTscJjtfCb
  289  systemctl status ngrok
  290  cd ..
  291  sudo docker run -d   --name=ngrok2discord   -e API_URL="192.168.29.15"   -e WEBHOOK_URL="https://discord.com/api/webhooks/1145226301364510763/EFIe7pr530l6Fn8LvW9L3hcFDECp-VvShiYLgyBBbZq4EOA-_HlhKaZlyJ4o8nE_NSa3"   -e LOOP_INTERVAL=30 `#optional`   -e LOG_LEVEL=INFO `#optional`   --restart unless-stopped   hardwarehaven/ngrok2discord
  292  sudo reboot
  293  ls
  294  nano ngrok.yml
  295  cd systemd-ngrok/
  296  ls
  297  nano ngrok.yml
  298  sudo ./uninstall.sh
  299  sudo ./install.sh 26b1iofcgYxkAqkOXqDpIoB5qeR_4ureSSmrRPuyTscJjtfCb
  300  nano ngrok.yml
  301  sudo ./uninstall.sh
  302  sudo ./install.sh 26b1iofcgYxkAqkOXqDpIoB5qeR_4ureSSmrRPuyTscJjtfCb
  303  systemctl status ngrok
  304  curl 192.168.29.15:4040/api/tunnels | jp .tunnels[0]
  305  curl 192.168.29.15:4040/api/tunnels | jq .tunnels[0]
  306  sudo docker ps
  307  sudo docker stop ngrok2discord
  308  sudo docker rm ngrok2discord
  309  sudo docker ps
  310  cd ..
  311  sudo docker run -d   --name=ngrok2discord   -e API_URL="192.168.29.15"   -e WEBHOOK_URL="https://connect.pabbly.com/workflow/sendwebhookdata/IjU3NjUwNTZmMDYzNjA0MzI1MjZlNTUzZDUxMzUi_pc"   -e LOOP_INTERVAL=3600 `#optional`   -e LOG_LEVEL=INFO `#optional`   --restart unless-stopped   hardwarehaven/ngrok2discord
  312  sudo docker ps
  313  systemctl statys ngrok
  314  systemctl status ngrok
  315  sudo reboot
  316  ls
  317  sudo docker run -d   --name=ngrok2discord2   -e API_URL="192.168.29.15"   -e WEBHOOK_URL="https://discord.com/api/webhooks/1145226301364510763/EFIe7pr530l6Fn8LvW9L3hcFDECp-VvShiYLgyBBbZq4EOA-_HlhKaZlyJ4o8nE_NSa3"   -e LOOP_INTERVAL=30 `#optional`   -e LOG_LEVEL=INFO `#optional`   --restart unless-stopped   hardwarehaven/ngrok2discord
  318  sudo docker ps
  319  sudo docker rm 3a9717941cc2
  320  sudo doker stop 3a9717941cc2
  321  sudo docker stop 3a9717941cc2
  322  sudo docker rm 3a9717941cc2
  323  sudo docker ps
  324  sudo docker stop 2de13c87baff
  325  sudo docker rm 2de13c87baff
  326  sudo docker ps
  327  sudo docker run -d   --name=ngrok2discord2   -e API_URL="192.168.29.15"   -e WEBHOOK_URL="https://discord.com/api/webhooks/1145226301364510763/EFIe7pr530l6Fn8LvW9L3hcFDECp-VvShiYLgyBBbZq4EOA-_HlhKaZlyJ4o8nE_NSa3"   -e LOOP_INTERVAL=3600 `#optional`   -e LOG_LEVEL=INFO `#optional`   --restart unless-stopped   hardwarehaven/ngrok2discord
  328  sudo docker ps
  329  sudo docker stop 1da08807c5ee
  330  sudo docker rm 1da08807c5ee
  331  sudo docker run -d   --name=ngrok2discord2   -e API_URL="192.168.29.15:4040"   -e WEBHOOK_URL="https://discord.com/api/webhooks/1145226301364510763/EFIe7pr530l6Fn8LvW9L3hcFDECp-VvShiYLgyBBbZq4EOA-_HlhKaZlyJ4o8nE_NSa3"   -e LOOP_INTERVAL=10 `#optional`   -e LOG_LEVEL=INFO `#optional`   --restart unless-stopped   hardwarehaven/ngrok2discord
  332  sudo docker ps
  333  sudo docker stop 7c0477da1d50
  334  sudo docker rm 7c0477da1d50
  335  sudo docker run -d   --name=ngrok2discord2   -e API_URL="192.168.29.15"   -e WEBHOOK_URL="https://discord.com/api/webhooks/1145226301364510763/EFIe7pr530l6Fn8LvW9L3hcFDECp-VvShiYLgyBBbZq4EOA-_HlhKaZlyJ4o8nE_NSa3"   -e LOOP_INTERVAL=1000 `#optional`   -e LOG_LEVEL=INFO `#optional`   --restart unless-stopped   hardwarehaven/ngrok2discord
  336  sudo docker ps
  337  sudo docker stop c3241e2a89b7
  338  sudo docker rm c3241e2a89b7
  339  sudo docker run -d   --name=ngrok2discord   -e API_URL="192.168.29.15"   -e WEBHOOK_URL="https://discord.com/api/webhooks/1145226301364510763/EFIe7pr530l6Fn8LvW9L3hcFDECp-VvShiYLgyBBbZq4EOA-_HlhKaZlyJ4o8nE_NSa3"   -e LOOP_INTERVAL=60 `#optional`   -e LOG_LEVEL=INFO `#optional`   --restart unless-stopped   hardwarehaven/ngrok2discord
  340  sudo docker ps
  341  sudo docker stop 922eaa1a0eff
  342  sudo docker rm 922eaa1a0eff
  343  sudo docker run -d   --name=ngrok2discord2   -e API_URL="192.168.29.15"   -e WEBHOOK_URL="https://discord.com/api/webhooks/1145226301364510763/EFIe7pr530l6Fn8LvW9L3hcFDECp-VvShiYLgyBBbZq4EOA-_HlhKaZlyJ4o8nE_NSa3"   -e LOOP_INTERVAL=10 `#optional`   -e LOG_LEVEL=INFO `#optional`   --restart unless-stopped   hardwarehaven/ngrok2discord
  344  sudo reboot
  345  sudo docker ps
  346  sudo docker stop dfada1d807cd
  347  sudo docker rm dfada1d807cd
  348  sudo docker run -d   --name=ngrok2discord2   -e API_URL="192.168.29.15"   -e WEBHOOK_URL="https://discord.com/api/webhooks/1145226301364510763/EFIe7pr530l6Fn8LvW9L3hcFDECp-VvShiYLgyBBbZq4EOA-_HlhKaZlyJ4o8nE_NSa3"   -e LOOP_INTERVAL=600 `#optional`   -e LOG_LEVEL=INFO `#optional`   --restart unless-stopped   hardwarehaven/ngrok2discord
  349  sudo docker ps
  350  ls
  351  sudo docker ps
  352  sudo docker stop d9509cbc1aaa
  353  sudo docker rm d9509cbc1aaa
  354  sudo docker run -d   --name=ngrok2discord2   -e API_URL="192.168.29.15"   -e WEBHOOK_URL="https://discord.com/api/webhooks/1145226301364510763/EFIe7pr530l6Fn8LvW9L3hcFDECp-VvShiYLgyBBbZq4EOA-_HlhKaZlyJ4o8nE_NSa3"   -e LOOP_INTERVAL=60 `#optional`   -e LOG_LEVEL=INFO `#optional`   --restart unless-stopped   hardwarehaven/ngrok2discord
  355  ls
  356  cat jn.sh
  357  sudo docker ps
  358  sudo docker stop e893e1ee2c0f
  359  sudo docker rm e893e1ee2c0f
  360  sudo docker run -d   --name=ngrok2discord2   -e API_URL="192.168.29.15"   -e WEBHOOK_URL="https://discord.com/api/webhooks/1145226301364510763/EFIe7pr530l6Fn8LvW9L3hcFDECp-VvShiYLgyBBbZq4EOA-_HlhKaZlyJ4o8nE_NSa3"   -e LOOP_INTERVAL=3600 `#optional`   -e LOG_LEVEL=INFO `#optional`   --restart unless-stopped   hardwarehaven/ngrok2discord
  361  sudo docker images
  362  sudo docker login
  363  sudo docker push sonusukralia/ngrok2discord
  364  sudo docker ps
  365  sudo docker images
  366  sudo docker tag 92346b60669c ngrok2discord:v1
  367  sudo docker images
  368  sudo dokcer push sonusukralia/ngrok2discord
  369  sudo docker push sonusukralia/ngrok2discord
  370  sudo docker tag 92346b60669c sonusukralia/ngrok2discord:v1
  371  sudo docker images
  372  sudo docker push sonusukralia/ngrok2discord
  373  sudo docker push sonusukralia/ngrok2discord:v1
  374  history > history_backup8sep2023
  375  ls
  376  pwd
  377  cat history_backup8sep2023
  378  sudo reboot
  379  reboot
  380  sudo su
  381  ls
  382  ls -lhrt
  383  docker ps
  384  sudo docker ps
  385  jupyter notebook
  386  ls
  387  history
  388  history > history_Feb_2024
  389  ls
  390  sudo nano /etc/dhcpcd.conf
  391  sudo apt update
  392  sudo apt upgrade
  393  sudo apt update
  394  sudo apt upgrade
  395  sudo reboot
  396  sudo nano /etc/dhcpcd.conf
  397  sudo nano /boot/cmdline.txt
  398  sudo reboot
  399  curl -sfL https://get.k3s.io | sh -
  400  sudo kubectl get nodes
  401  sudo cat /var/lib/rancher/k3s/server/node-token
  402  sudo reboot
  403  sudo kubectl get nodes
  404  sudo reboot
  405  sudo kubectl get nodes
  406  sudo cat /var/lib/rancher/k3s/server/node-token
  407  ifconfig
  408  sudo kubectl get nodes
  409  clr
  410  cler
  411  sudo kubectl get nodes
  412  sudo su
  413  sudo kubectl get nodes
  414  sudo shutdown -now
  415  sudo shutdown
  416  sudo shutdown -n
  417  sudo shutdown --n
  418  sudo kubectl get nodes
  419  sudo su
  420  sudo kubectl get nodes
  421  sudo kubectl describe node pif
  422  sudo kubectl get nodes
  423  sudo kubectl restart
  424  sudo kubectl restart kubelet
  425  sudo systemctl restart kubelet
  426  sudo kubectl get nodes
  427  sudo kubectl get pods
  428  kubectl uncordon worker node pif
  429  shutdown -h now
  430  sudo kubectl get nodes
  431  sudo reboot
  432  sudo docker pull portainer/portainer-ce:linux-arm
  433  sudo docker run -d -p 9000:9000 --name=portainer --restart=always -v /var/run/docker.sock:/var/run/docker.sock -v portainer_data:/data portainer/portainer-ce:linux-arm
  434  ifconfig
  435  kubectl get nodes
  436  sudo kubectl get nodes
  437  sudo kubectl get pods
  438  sudo kubectl get pod
  439  sudo apt update
  440  sudo apt install snapd
  441  sudo reboot
  442  kubectl get pod
  443  sudo kubectl get nodes
  444  vi pod.yml
  445  cat pod.yml
  446  kubectl create -f pod.yml
  447  KUBECONFIG=~/.kube/config
  448  export KUBECONFIG=~/.kube/config
  449  mkdir ~/.kube 2> /dev/null
  450  sudo k3s kubectl config view --raw > "$KUBECONFIG"
  451  chmod 600 "$KUBECONFIG"
  452  sudo k3s kubectl version
  453  sudo chmod 644 /etc/rancher/k3s/k3s.yaml
  454  kubectl create -f pod.yml
  455  kubectl get pod
  456  history
  457  kubectl get nodes
  458  history > history_bkp_6Jun_2024
  459  ls
  460  vi pod.yml
  461  vi pod1.yml
  462  vi pod.yml
  463  kubectl create -f pod.yml
  464  vi pod.yml
  465  kubectl top pod
  466  kubectl get pod
  467  kubectl get hpa
  468  kubectl get pods -o wide
  469  curl 10.42.2.8
  470  vi pod.yaml
  471  ls
  472  vim pid.yaml
  473  kubectl get pods -w
  474  curl -L http:127.0.0.1:8899
  475  curl -L http//:127.0.0.1:8899
  476  kubectl get pods
  477  kubectl get all
  478  kubectl get all -A
  479  kubectl get pods
  480  kubectl get all
  481  kubectl get all -A
  482  vi pod_deployment.yaml
  483  kubectl apply -f pod_deployment.yaml
  484  kubectl get deploy
  485  kubectl get nodes
  486  kubectl get deploy
  487  kubectl get pods
  488  kubectl get rs
  489  kubetl delete pod nginx-deployment-86dcfdf4c6-kbt2z
  490  kubectl delete pod nginx-deployment-86dcfdf4c6-kbt2z
  491  kubectl get pods
  492  kubectl delete pod nginx
  493  kubectl get pods
  494  kubectl get deploy
  495  vi pod_deployment.yaml
  496  cat pod_deployment.yaml
  497  nano pod_deployment.yaml
  498  kubectl get nodes
  499  kubectl get pods
  500  kubectl apply -f pod_deployment.yaml
  501  kubectl get pods
  502  kubectl get all
  503  kubectl delete deploy nginx-deployment
  504  kubectl delete svc kubernetes
  505  kubectl get all
  506  kubectl apply -f pod_deployment.yaml
  507  kubectl get all
  508  kubectl delete deploy nginx-deployment
  509  kubectl get all
  510  vi pod_service.yml
  511  nano pod_service.yml
  512  kubectl apply -f pod_service.yml
  513  nano pod_service.yml
  514  kubectl apply -f pod_service.yml
  515  sh <(curl -Ls https://kubeshark.co/install)
  516  ks
  517  ks tap
  518  sudo apt-get install --reinstall xdg-utils
  519  ks tap
  520  ks
  521  ks tap
  522  kubeshark tap
  523  ~/.kubeshark/config.yaml
  524  $HOME/.kubeshark/config.yaml
  525  .kubeshark/config.yaml
  526  /.kubeshark/config.yaml
  527  kubeshark config
  528  cd HOME/.kubeshark/config.yaml.
  529  cd home/
  530  cd /home
  531  ls
  532  cd ..
  533  ls
  534  cd home
  535  ls
  536  cd pi
  537  ls
  538  nano pod_service.yml
  539  kubectl get all -A
  540  kubectl get all
  541  kubectl get pods
  542  kubectl get all
  543  kubectl delete kubeshark-hub
  544  kubectl delete deploy kubeshark-front
  545  kubectl delete deploy kubeshark-hub
  546  kubectl get all
  547  kubectl delete sev kubeshark-front
  548  kubectl delete srv kubeshark-front
  549  kubectl delete svc kubeshark-front
  550  kubectl delete svc kubeshark-worker-metrics
  551  kubectl delete svc kubeshark-hub
  552  kubectl get all
  553  kubectl get pods
  554  kuberctl delete pod kubeshark-worker-daemon-set-djs9x
  555  kubectl delete pod kubeshark-worker-daemon-set-djs9x
  556  kubectl delete pod kubeshark-worker-daemon-set-wjhdh
  557  kubectl delete pod kubeshark-worker-daemon-set-k4gw7
  558  kubectl get pods
  559  kubectl get all
  560  docker ps
  561  sudo docker ps
  562  sudo docker kill 13a681fe04ff
  563  sudo docker ps
  564  sudko docker image
  565  sudko docker images
  566  sudo docker images
  567  sudo docker ps
  568  vi pod_deplyoy.yaml
  569  ls
  570  vi pod_deployment.yaml
  571  nano pod_deployment.yaml
  572  kubectl deploy -f pod_deployment.yaml
  573  $ curl -sfL https://get.k3s.io | sh -s - --write-kubeconfig-mode 644
  574*
  575  nano pod_deployment.yaml
  576  helm repo add portainer https://portainer.gethub.io/k8s/
  577  nano pod_ingress.yaml
  578  kubectl deploy -f pod_ingress.yaml
  579  nano pod_ingress.yaml
  580  kubectl deploy -f pod_ingress.yaml
  581  kubectl apply -n portainer -f https://raw.githubusercontent.com/portainer/k8s/master/deploy/manifests/portainer/portainer.yaml
  582  export KUBECONFIG=~/.kube/config
  583  mkdir ~/.kube 2> /dev/null
  584  sudo k3s kubectl config view --raw > "$KUBECONFIG"
  585  chmod 600 "$KUBECONFIG"
  586  kubectl apply -n portainer -f https://raw.githubusercontent.com/portainer/k8s/master/deploy/manifests/portainer/portainer.yaml
  587  kubectl get pods
  588  kubectl get all -A
  589  kubectl get service -n portainer
  590  kubectl get service -n traefik
  591  history
